-- Install configuration: ""
-- Execute custom install script
-- Up-to-date symlink: /home/varun/homerobot/Irona_914_IsaacSim_5x(1)/irona_914/ros2/install/irona_sim/share/irona_sim/launch/camera.launch.py
-- Up-to-date symlink: /home/varun/homerobot/Irona_914_IsaacSim_5x(1)/irona_914/ros2/install/irona_sim/share/irona_sim/launch/irona_sim.launch.py
-- Up-to-date symlink: /home/varun/homerobot/Irona_914_IsaacSim_5x(1)/irona_914/ros2/install/irona_sim/share/irona_sim/launch/lidar.launch.py
-- Up-to-date symlink: /home/varun/homerobot/Irona_914_IsaacSim_5x(1)/irona_914/ros2/install/irona_sim/share/irona_sim/launch/rviz.launch.py
-- Up-to-date symlink: /home/varun/homerobot/Irona_914_IsaacSim_5x(1)/irona_914/ros2/install/irona_sim/share/irona_sim/launch/sensors.launch.py
-- Up-to-date symlink: /home/varun/homerobot/Irona_914_IsaacSim_5x(1)/irona_914/ros2/install/irona_sim/share/irona_sim/rviz/irona.rviz
-- Up-to-date symlink: /home/varun/homerobot/Irona_914_IsaacSim_5x(1)/irona_914/ros2/install/irona_sim/share/irona_sim/urdf/irona.urdf
-- Up-to-date symlink: /home/varun/homerobot/Irona_914_IsaacSim_5x(1)/irona_914/ros2/install/irona_sim/share/irona_sim/meshes/head.stl
-- Up-to-date symlink: /home/varun/homerobot/Irona_914_IsaacSim_5x(1)/irona_914/ros2/install/irona_sim/share/irona_sim/meshes/left_foot.stl
-- Up-to-date symlink: /home/varun/homerobot/Irona_914_IsaacSim_5x(1)/irona_914/ros2/install/irona_sim/share/irona_sim/meshes/left_forearm.stl
-- Up-to-date symlink: /home/varun/homerobot/Irona_914_IsaacSim_5x(1)/irona_914/ros2/install/irona_sim/share/irona_sim/meshes/left_forearm_roll_link.stl
-- Up-to-date symlink: /home/varun/homerobot/Irona_914_IsaacSim_5x(1)/irona_914/ros2/install/irona_sim/share/irona_sim/meshes/left_hand.stl
-- Up-to-date symlink: /home/varun/homerobot/Irona_914_IsaacSim_5x(1)/irona_914/ros2/install/irona_sim/share/irona_sim/meshes/left_index_dip_link.stl
-- Up-to-date symlink: /home/varun/homerobot/Irona_914_IsaacSim_5x(1)/irona_914/ros2/install/irona_sim/share/irona_sim/meshes/left_index_mcp_link.stl
-- Up-to-date symlink: /home/varun/homerobot/Irona_914_IsaacSim_5x(1)/irona_914/ros2/install/irona_sim/share/irona_sim/meshes/left_index_pip_link.stl
-- Up-to-date symlink: /home/varun/homerobot/Irona_914_IsaacSim_5x(1)/irona_914/ros2/install/irona_sim/share/irona_sim/meshes/left_little_dip_link.stl
-- Up-to-date symlink: /home/varun/homerobot/Irona_914_IsaacSim_5x(1)/irona_914/ros2/install/irona_sim/share/irona_sim/meshes/left_little_mcp_link.stl
-- Up-to-date symlink: /home/varun/homerobot/Irona_914_IsaacSim_5x(1)/irona_914/ros2/install/irona_sim/share/irona_sim/meshes/left_little_pip_link.stl
-- Up-to-date symlink: /home/varun/homerobot/Irona_914_IsaacSim_5x(1)/irona_914/ros2/install/irona_sim/share/irona_sim/meshes/left_middle_dip_link.stl
-- Up-to-date symlink: /home/varun/homerobot/Irona_914_IsaacSim_5x(1)/irona_914/ros2/install/irona_sim/share/irona_sim/meshes/left_middle_mcp_link.stl
-- Up-to-date symlink: /home/varun/homerobot/Irona_914_IsaacSim_5x(1)/irona_914/ros2/install/irona_sim/share/irona_sim/meshes/left_middle_pip_link.stl
-- Up-to-date symlink: /home/varun/homerobot/Irona_914_IsaacSim_5x(1)/irona_914/ros2/install/irona_sim/share/irona_sim/meshes/left_ring_dip_link.stl
-- Up-to-date symlink: /home/varun/homerobot/Irona_914_IsaacSim_5x(1)/irona_914/ros2/install/irona_sim/share/irona_sim/meshes/left_ring_mcp_link.stl
-- Up-to-date symlink: /home/varun/homerobot/Irona_914_IsaacSim_5x(1)/irona_914/ros2/install/irona_sim/share/irona_sim/meshes/left_ring_pip_link.stl
-- Up-to-date symlink: /home/varun/homerobot/Irona_914_IsaacSim_5x(1)/irona_914/ros2/install/irona_sim/share/irona_sim/meshes/left_shin.stl
-- Up-to-date symlink: /home/varun/homerobot/Irona_914_IsaacSim_5x(1)/irona_914/ros2/install/irona_sim/share/irona_sim/meshes/left_shoulder_pitch_link.stl
-- Up-to-date symlink: /home/varun/homerobot/Irona_914_IsaacSim_5x(1)/irona_914/ros2/install/irona_sim/share/irona_sim/meshes/left_shoulder_roll_link.stl
-- Up-to-date symlink: /home/varun/homerobot/Irona_914_IsaacSim_5x(1)/irona_914/ros2/install/irona_sim/share/irona_sim/meshes/left_thigh.stl
-- Up-to-date symlink: /home/varun/homerobot/Irona_914_IsaacSim_5x(1)/irona_914/ros2/install/irona_sim/share/irona_sim/meshes/left_thumb_cmc_link.stl
-- Up-to-date symlink: /home/varun/homerobot/Irona_914_IsaacSim_5x(1)/irona_914/ros2/install/irona_sim/share/irona_sim/meshes/left_thumb_ip_link.stl
-- Up-to-date symlink: /home/varun/homerobot/Irona_914_IsaacSim_5x(1)/irona_914/ros2/install/irona_sim/share/irona_sim/meshes/left_thumb_mcp_link.stl
-- Up-to-date symlink: /home/varun/homerobot/Irona_914_IsaacSim_5x(1)/irona_914/ros2/install/irona_sim/share/irona_sim/meshes/left_thumb_spread_link.stl
-- Up-to-date symlink: /home/varun/homerobot/Irona_914_IsaacSim_5x(1)/irona_914/ros2/install/irona_sim/share/irona_sim/meshes/left_upper_arm.stl
-- Up-to-date symlink: /home/varun/homerobot/Irona_914_IsaacSim_5x(1)/irona_914/ros2/install/irona_sim/share/irona_sim/meshes/left_wrist_pitch_link.stl
-- Up-to-date symlink: /home/varun/homerobot/Irona_914_IsaacSim_5x(1)/irona_914/ros2/install/irona_sim/share/irona_sim/meshes/neck_yaw_link.stl
-- Up-to-date symlink: /home/varun/homerobot/Irona_914_IsaacSim_5x(1)/irona_914/ros2/install/irona_sim/share/irona_sim/meshes/pelvis.stl
-- Up-to-date symlink: /home/varun/homerobot/Irona_914_IsaacSim_5x(1)/irona_914/ros2/install/irona_sim/share/irona_sim/meshes/right_foot.stl
-- Up-to-date symlink: /home/varun/homerobot/Irona_914_IsaacSim_5x(1)/irona_914/ros2/install/irona_sim/share/irona_sim/meshes/right_forearm.stl
-- Up-to-date symlink: /home/varun/homerobot/Irona_914_IsaacSim_5x(1)/irona_914/ros2/install/irona_sim/share/irona_sim/meshes/right_forearm_roll_link.stl
-- Up-to-date symlink: /home/varun/homerobot/Irona_914_IsaacSim_5x(1)/irona_914/ros2/install/irona_sim/share/irona_sim/meshes/right_hand.stl
-- Up-to-date symlink: /home/varun/homerobot/Irona_914_IsaacSim_5x(1)/irona_914/ros2/install/irona_sim/share/irona_sim/meshes/right_index_dip_link.stl
-- Up-to-date symlink: /home/varun/homerobot/Irona_914_IsaacSim_5x(1)/irona_914/ros2/install/irona_sim/share/irona_sim/meshes/right_index_mcp_link.stl
-- Up-to-date symlink: /home/varun/homerobot/Irona_914_IsaacSim_5x(1)/irona_914/ros2/install/irona_sim/share/irona_sim/meshes/right_index_pip_link.stl
-- Up-to-date symlink: /home/varun/homerobot/Irona_914_IsaacSim_5x(1)/irona_914/ros2/install/irona_sim/share/irona_sim/meshes/right_little_dip_link.stl
-- Up-to-date symlink: /home/varun/homerobot/Irona_914_IsaacSim_5x(1)/irona_914/ros2/install/irona_sim/share/irona_sim/meshes/right_little_mcp_link.stl
-- Up-to-date symlink: /home/varun/homerobot/Irona_914_IsaacSim_5x(1)/irona_914/ros2/install/irona_sim/share/irona_sim/meshes/right_little_pip_link.stl
-- Up-to-date symlink: /home/varun/homerobot/Irona_914_IsaacSim_5x(1)/irona_914/ros2/install/irona_sim/share/irona_sim/meshes/right_middle_dip_link.stl
-- Up-to-date symlink: /home/varun/homerobot/Irona_914_IsaacSim_5x(1)/irona_914/ros2/install/irona_sim/share/irona_sim/meshes/right_middle_mcp_link.stl
-- Up-to-date symlink: /home/varun/homerobot/Irona_914_IsaacSim_5x(1)/irona_914/ros2/install/irona_sim/share/irona_sim/meshes/right_middle_pip_link.stl
-- Up-to-date symlink: /home/varun/homerobot/Irona_914_IsaacSim_5x(1)/irona_914/ros2/install/irona_sim/share/irona_sim/meshes/right_ring_dip_link.stl
-- Up-to-date symlink: /home/varun/homerobot/Irona_914_IsaacSim_5x(1)/irona_914/ros2/install/irona_sim/share/irona_sim/meshes/right_ring_mcp_link.stl
-- Up-to-date symlink: /home/varun/homerobot/Irona_914_IsaacSim_5x(1)/irona_914/ros2/install/irona_sim/share/irona_sim/meshes/right_ring_pip_link.stl
-- Up-to-date symlink: /home/varun/homerobot/Irona_914_IsaacSim_5x(1)/irona_914/ros2/install/irona_sim/share/irona_sim/meshes/right_shin.stl
-- Up-to-date symlink: /home/varun/homerobot/Irona_914_IsaacSim_5x(1)/irona_914/ros2/install/irona_sim/share/irona_sim/meshes/right_shoulder_pitch_link.stl
-- Up-to-date symlink: /home/varun/homerobot/Irona_914_IsaacSim_5x(1)/irona_914/ros2/install/irona_sim/share/irona_sim/meshes/right_shoulder_roll_link.stl
-- Up-to-date symlink: /home/varun/homerobot/Irona_914_IsaacSim_5x(1)/irona_914/ros2/install/irona_sim/share/irona_sim/meshes/right_thigh.stl
-- Up-to-date symlink: /home/varun/homerobot/Irona_914_IsaacSim_5x(1)/irona_914/ros2/install/irona_sim/share/irona_sim/meshes/right_thumb_cmc_link.stl
-- Up-to-date symlink: /home/varun/homerobot/Irona_914_IsaacSim_5x(1)/irona_914/ros2/install/irona_sim/share/irona_sim/meshes/right_thumb_ip_link.stl
-- Up-to-date symlink: /home/varun/homerobot/Irona_914_IsaacSim_5x(1)/irona_914/ros2/install/irona_sim/share/irona_sim/meshes/right_thumb_mcp_link.stl
-- Up-to-date symlink: /home/varun/homerobot/Irona_914_IsaacSim_5x(1)/irona_914/ros2/install/irona_sim/share/irona_sim/meshes/right_thumb_spread_link.stl
-- Up-to-date symlink: /home/varun/homerobot/Irona_914_IsaacSim_5x(1)/irona_914/ros2/install/irona_sim/share/irona_sim/meshes/right_upper_arm.stl
-- Up-to-date symlink: /home/varun/homerobot/Irona_914_IsaacSim_5x(1)/irona_914/ros2/install/irona_sim/share/irona_sim/meshes/right_wrist_pitch_link.stl
-- Up-to-date symlink: /home/varun/homerobot/Irona_914_IsaacSim_5x(1)/irona_914/ros2/install/irona_sim/share/irona_sim/meshes/torso.stl
-- Up-to-date symlink: /home/varun/homerobot/Irona_914_IsaacSim_5x(1)/irona_914/ros2/install/irona_sim/share/irona_sim/project/assets/irona.usd
-- Up-to-date symlink: /home/varun/homerobot/Irona_914_IsaacSim_5x(1)/irona_914/ros2/install/irona_sim/share/irona_sim/project/assets/irona.usda
-- Up-to-date symlink: /home/varun/homerobot/Irona_914_IsaacSim_5x(1)/irona_914/ros2/install/irona_sim/share/irona_sim/project/assets/ros2_bridge.usda
-- Up-to-date symlink: /home/varun/homerobot/Irona_914_IsaacSim_5x(1)/irona_914/ros2/install/irona_sim/share/irona_sim/project/assets/scene.usda
-- Up-to-date symlink: /home/varun/homerobot/Irona_914_IsaacSim_5x(1)/irona_914/ros2/install/irona_sim/share/irona_sim/project/assets/scene_ros.usda
-- Up-to-date symlink: /home/varun/homerobot/Irona_914_IsaacSim_5x(1)/irona_914/ros2/install/irona_sim/share/irona_sim/project/config/joint_limits.csv
-- Up-to-date symlink: /home/varun/homerobot/Irona_914_IsaacSim_5x(1)/irona_914/ros2/install/irona_sim/share/irona_sim/project/config/robot.json
-- Up-to-date symlink: /home/varun/homerobot/Irona_914_IsaacSim_5x(1)/irona_914/ros2/install/irona_sim/share/irona_sim/project/config/sensors.json
-- Up-to-date symlink: /home/varun/homerobot/Irona_914_IsaacSim_5x(1)/irona_914/ros2/install/irona_sim/share/irona_sim/project/source/arena.py
-- Up-to-date symlink: /home/varun/homerobot/Irona_914_IsaacSim_5x(1)/irona_914/ros2/install/irona_sim/share/irona_sim/project/source/build_assets.py
-- Up-to-date symlink: /home/varun/homerobot/Irona_914_IsaacSim_5x(1)/irona_914/ros2/install/irona_sim/share/irona_sim/project/source/build_ros_assets.py
-- Up-to-date symlink: /home/varun/homerobot/Irona_914_IsaacSim_5x(1)/irona_914/ros2/install/irona_sim/share/irona_sim/project/source/clean_print_meshes.py
-- Up-to-date symlink: /home/varun/homerobot/Irona_914_IsaacSim_5x(1)/irona_914/ros2/install/irona_sim/share/irona_sim/project/source/control.py
-- Up-to-date symlink: /home/varun/homerobot/Irona_914_IsaacSim_5x(1)/irona_914/ros2/install/irona_sim/share/irona_sim/project/source/model.py
-- Up-to-date symlink: /home/varun/homerobot/Irona_914_IsaacSim_5x(1)/irona_914/ros2/install/irona_sim/share/irona_sim/project/source/mujoco_check.py
-- Up-to-date symlink: /home/varun/homerobot/Irona_914_IsaacSim_5x(1)/irona_914/ros2/install/irona_sim/share/irona_sim/project/source/package_project.py
-- Up-to-date symlink: /home/varun/homerobot/Irona_914_IsaacSim_5x(1)/irona_914/ros2/install/irona_sim/share/irona_sim/project/source/render_dynamics.py
-- Up-to-date symlink: /home/varun/homerobot/Irona_914_IsaacSim_5x(1)/irona_914/ros2/install/irona_sim/share/irona_sim/project/source/render_hand_details.py
-- Up-to-date symlink: /home/varun/homerobot/Irona_914_IsaacSim_5x(1)/irona_914/ros2/install/irona_sim/share/irona_sim/project/source/render_previews.py
-- Up-to-date symlink: /home/varun/homerobot/Irona_914_IsaacSim_5x(1)/irona_914/ros2/install/irona_sim/share/irona_sim/project/source/ros_bridge.py
-- Up-to-date symlink: /home/varun/homerobot/Irona_914_IsaacSim_5x(1)/irona_914/ros2/install/irona_sim/share/irona_sim/project/source/run_isaac.py
-- Up-to-date symlink: /home/varun/homerobot/Irona_914_IsaacSim_5x(1)/irona_914/ros2/install/irona_sim/share/irona_sim/project/source/sensors.py
-- Up-to-date symlink: /home/varun/homerobot/Irona_914_IsaacSim_5x(1)/irona_914/ros2/install/irona_sim/share/irona_sim/project/source/validate_assets.py
-- Up-to-date symlink: /home/varun/homerobot/Irona_914_IsaacSim_5x(1)/irona_914/ros2/install/irona_sim/share/irona_sim/project/source/validate_revision.py
-- Up-to-date symlink: /home/varun/homerobot/Irona_914_IsaacSim_5x(1)/irona_914/ros2/install/irona_sim/lib/irona_sim/sensor_smoke_test.py
-- Up-to-date symlink: /home/varun/homerobot/Irona_914_IsaacSim_5x(1)/irona_914/ros2/install/irona_sim/lib/irona_sim/hand_command.py
-- Up-to-date symlink: /home/varun/homerobot/Irona_914_IsaacSim_5x(1)/irona_914/ros2/install/irona_sim/share/ament_index/resource_index/package_run_dependencies/irona_sim
-- Up-to-date symlink: /home/varun/homerobot/Irona_914_IsaacSim_5x(1)/irona_914/ros2/install/irona_sim/share/ament_index/resource_index/parent_prefix_path/irona_sim
-- Up-to-date symlink: /home/varun/homerobot/Irona_914_IsaacSim_5x(1)/irona_914/ros2/install/irona_sim/share/irona_sim/environment/ament_prefix_path.sh
-- Up-to-date symlink: /home/varun/homerobot/Irona_914_IsaacSim_5x(1)/irona_914/ros2/install/irona_sim/share/irona_sim/environment/ament_prefix_path.dsv
-- Up-to-date symlink: /home/varun/homerobot/Irona_914_IsaacSim_5x(1)/irona_914/ros2/install/irona_sim/share/irona_sim/environment/path.sh
-- Up-to-date symlink: /home/varun/homerobot/Irona_914_IsaacSim_5x(1)/irona_914/ros2/install/irona_sim/share/irona_sim/environment/path.dsv
-- Up-to-date symlink: /home/varun/homerobot/Irona_914_IsaacSim_5x(1)/irona_914/ros2/install/irona_sim/share/irona_sim/local_setup.bash
-- Up-to-date symlink: /home/varun/homerobot/Irona_914_IsaacSim_5x(1)/irona_914/ros2/install/irona_sim/share/irona_sim/local_setup.sh
-- Up-to-date symlink: /home/varun/homerobot/Irona_914_IsaacSim_5x(1)/irona_914/ros2/install/irona_sim/share/irona_sim/local_setup.zsh
-- Up-to-date symlink: /home/varun/homerobot/Irona_914_IsaacSim_5x(1)/irona_914/ros2/install/irona_sim/share/irona_sim/local_setup.dsv
-- Symlinking: /home/varun/homerobot/Irona_914_IsaacSim_5x(1)/irona_914/ros2/install/irona_sim/share/irona_sim/package.dsv
-- Up-to-date symlink: /home/varun/homerobot/Irona_914_IsaacSim_5x(1)/irona_914/ros2/install/irona_sim/share/ament_index/resource_index/packages/irona_sim
-- Up-to-date symlink: /home/varun/homerobot/Irona_914_IsaacSim_5x(1)/irona_914/ros2/install/irona_sim/share/irona_sim/cmake/irona_simConfig.cmake
-- Up-to-date symlink: /home/varun/homerobot/Irona_914_IsaacSim_5x(1)/irona_914/ros2/install/irona_sim/share/irona_sim/cmake/irona_simConfig-version.cmake
-- Up-to-date symlink: /home/varun/homerobot/Irona_914_IsaacSim_5x(1)/irona_914/ros2/install/irona_sim/share/irona_sim/package.xml
