[0.146s] DEBUG:colcon:Command line arguments: ['/bin/colcon', 'build', '--symlink-install']
[0.146s] DEBUG:colcon:Parsed command line arguments: Namespace(log_base=None, log_level=None, verb_name='build', build_base='build', install_base='install', merge_install=False, symlink_install=True, test_result_base=None, continue_on_error=False, executor='parallel', parallel_workers=32, event_handlers=None, ignore_user_meta=False, metas=['./colcon.meta'], base_paths=['.'], packages_ignore=None, packages_ignore_regex=None, paths=None, packages_up_to=None, packages_up_to_regex=None, packages_above=None, packages_above_and_dependencies=None, packages_above_depth=None, packages_select_by_dep=None, packages_skip_by_dep=None, packages_skip_up_to=None, packages_select_build_failed=False, packages_skip_build_finished=False, packages_select_test_failures=False, packages_skip_test_passed=False, packages_select=None, packages_skip=None, packages_select_regex=None, packages_skip_regex=None, packages_start=None, packages_end=None, allow_overriding=[], cmake_args=None, cmake_target=None, cmake_target_skip_unavailable=False, cmake_clean_cache=False, cmake_clean_first=False, cmake_force_configure=False, ament_cmake_args=None, catkin_cmake_args=None, catkin_skip_building_tests=False, mixin_files=None, mixin=None, verb_parser=<colcon_mixin.mixin.mixin_argument.MixinArgumentDecorator object at 0x7b240ebc2c50>, verb_extension=<colcon_core.verb.build.BuildVerb object at 0x7b240ebc25c0>, main=<bound method BuildVerb.main of <colcon_core.verb.build.BuildVerb object at 0x7b240ebc25c0>>, mixin_verb=('build',))
[0.229s] Level 1:colcon.colcon_core.package_discovery:discover_packages(colcon_meta) check parameters
[0.230s] Level 1:colcon.colcon_core.package_discovery:discover_packages(recursive) check parameters
[0.230s] Level 1:colcon.colcon_core.package_discovery:discover_packages(ignore) check parameters
[0.230s] Level 1:colcon.colcon_core.package_discovery:discover_packages(path) check parameters
[0.230s] Level 1:colcon.colcon_core.package_discovery:discover_packages(colcon_meta) discover
[0.230s] Level 1:colcon.colcon_core.package_discovery:discover_packages(recursive) discover
[0.230s] INFO:colcon.colcon_core.package_discovery:Crawling recursively for packages in '/home/varun/homerobot/Irona_914_IsaacSim_5x(1)/irona_914/ros2'
[0.230s] Level 1:colcon.colcon_core.package_identification:_identify(.) by extensions ['ignore', 'ignore_ament_install']
[0.230s] Level 1:colcon.colcon_core.package_identification:_identify(.) by extension 'ignore'
[0.230s] Level 1:colcon.colcon_core.package_identification:_identify(.) by extension 'ignore_ament_install'
[0.230s] Level 1:colcon.colcon_core.package_identification:_identify(.) by extensions ['colcon_pkg']
[0.230s] Level 1:colcon.colcon_core.package_identification:_identify(.) by extension 'colcon_pkg'
[0.230s] Level 1:colcon.colcon_core.package_identification:_identify(.) by extensions ['colcon_meta']
[0.230s] Level 1:colcon.colcon_core.package_identification:_identify(.) by extension 'colcon_meta'
[0.230s] Level 1:colcon.colcon_core.package_identification:_identify(.) by extensions ['ros']
[0.230s] Level 1:colcon.colcon_core.package_identification:_identify(.) by extension 'ros'
[0.234s] Level 1:colcon.colcon_core.package_identification:_identify(.) by extensions ['cmake', 'python']
[0.234s] Level 1:colcon.colcon_core.package_identification:_identify(.) by extension 'cmake'
[0.234s] Level 1:colcon.colcon_core.package_identification:_identify(.) by extension 'python'
[0.234s] Level 1:colcon.colcon_core.package_identification:_identify(.) by extensions ['python_setup_py']
[0.234s] Level 1:colcon.colcon_core.package_identification:_identify(.) by extension 'python_setup_py'
[0.234s] Level 1:colcon.colcon_core.package_identification:_identify(build) by extensions ['ignore', 'ignore_ament_install']
[0.235s] Level 1:colcon.colcon_core.package_identification:_identify(build) by extension 'ignore'
[0.235s] Level 1:colcon.colcon_core.package_identification:_identify(build) ignored
[0.235s] Level 1:colcon.colcon_core.package_identification:_identify(install) by extensions ['ignore', 'ignore_ament_install']
[0.235s] Level 1:colcon.colcon_core.package_identification:_identify(install) by extension 'ignore'
[0.235s] Level 1:colcon.colcon_core.package_identification:_identify(install) ignored
[0.235s] Level 1:colcon.colcon_core.package_identification:_identify(irona_sim) by extensions ['ignore', 'ignore_ament_install']
[0.235s] Level 1:colcon.colcon_core.package_identification:_identify(irona_sim) by extension 'ignore'
[0.235s] Level 1:colcon.colcon_core.package_identification:_identify(irona_sim) by extension 'ignore_ament_install'
[0.235s] Level 1:colcon.colcon_core.package_identification:_identify(irona_sim) by extensions ['colcon_pkg']
[0.235s] Level 1:colcon.colcon_core.package_identification:_identify(irona_sim) by extension 'colcon_pkg'
[0.235s] Level 1:colcon.colcon_core.package_identification:_identify(irona_sim) by extensions ['colcon_meta']
[0.235s] Level 1:colcon.colcon_core.package_identification:_identify(irona_sim) by extension 'colcon_meta'
[0.235s] Level 1:colcon.colcon_core.package_identification:_identify(irona_sim) by extensions ['ros']
[0.235s] Level 1:colcon.colcon_core.package_identification:_identify(irona_sim) by extension 'ros'
[0.238s] DEBUG:colcon.colcon_core.package_identification:Package 'irona_sim' with type 'ros.ament_cmake' and name 'irona_sim'
[0.238s] Level 1:colcon.colcon_core.package_identification:_identify(log) by extensions ['ignore', 'ignore_ament_install']
[0.238s] Level 1:colcon.colcon_core.package_identification:_identify(log) by extension 'ignore'
[0.239s] Level 1:colcon.colcon_core.package_identification:_identify(log) ignored
[0.239s] Level 1:colcon.colcon_core.package_discovery:discover_packages(recursive) using defaults
[0.239s] Level 1:colcon.colcon_core.package_discovery:discover_packages(ignore) discover
[0.239s] Level 1:colcon.colcon_core.package_discovery:discover_packages(ignore) using defaults
[0.239s] Level 1:colcon.colcon_core.package_discovery:discover_packages(path) discover
[0.239s] Level 1:colcon.colcon_core.package_discovery:discover_packages(path) using defaults
[0.264s] Level 1:colcon.colcon_core.package_discovery:discover_packages(prefix_path) check parameters
[0.264s] Level 1:colcon.colcon_core.package_discovery:discover_packages(prefix_path) discover
[0.267s] DEBUG:colcon.colcon_installed_package_information.package_discovery:Found 414 installed packages in /opt/ros/humble
[0.269s] Level 1:colcon.colcon_core.package_discovery:discover_packages(prefix_path) using defaults
[0.334s] Level 5:colcon.colcon_core.verb:set package 'irona_sim' build argument 'cmake_args' from command line to 'None'
[0.334s] Level 5:colcon.colcon_core.verb:set package 'irona_sim' build argument 'cmake_target' from command line to 'None'
[0.334s] Level 5:colcon.colcon_core.verb:set package 'irona_sim' build argument 'cmake_target_skip_unavailable' from command line to 'False'
[0.334s] Level 5:colcon.colcon_core.verb:set package 'irona_sim' build argument 'cmake_clean_cache' from command line to 'False'
[0.334s] Level 5:colcon.colcon_core.verb:set package 'irona_sim' build argument 'cmake_clean_first' from command line to 'False'
[0.334s] Level 5:colcon.colcon_core.verb:set package 'irona_sim' build argument 'cmake_force_configure' from command line to 'False'
[0.334s] Level 5:colcon.colcon_core.verb:set package 'irona_sim' build argument 'ament_cmake_args' from command line to 'None'
[0.334s] Level 5:colcon.colcon_core.verb:set package 'irona_sim' build argument 'catkin_cmake_args' from command line to 'None'
[0.334s] Level 5:colcon.colcon_core.verb:set package 'irona_sim' build argument 'catkin_skip_building_tests' from command line to 'False'
[0.334s] DEBUG:colcon.colcon_core.verb:Building package 'irona_sim' with the following arguments: {'ament_cmake_args': None, 'build_base': '/home/varun/homerobot/Irona_914_IsaacSim_5x(1)/irona_914/ros2/build/irona_sim', 'catkin_cmake_args': None, 'catkin_skip_building_tests': False, 'cmake_args': None, 'cmake_clean_cache': False, 'cmake_clean_first': False, 'cmake_force_configure': False, 'cmake_target': None, 'cmake_target_skip_unavailable': False, 'install_base': '/home/varun/homerobot/Irona_914_IsaacSim_5x(1)/irona_914/ros2/install/irona_sim', 'merge_install': False, 'path': '/home/varun/homerobot/Irona_914_IsaacSim_5x(1)/irona_914/ros2/irona_sim', 'symlink_install': True, 'test_result_base': None}
[0.334s] INFO:colcon.colcon_core.executor:Executing jobs using 'parallel' executor
[0.336s] DEBUG:colcon.colcon_parallel_executor.executor.parallel:run_until_complete
[0.336s] INFO:colcon.colcon_ros.task.ament_cmake.build:Building ROS package in '/home/varun/homerobot/Irona_914_IsaacSim_5x(1)/irona_914/ros2/irona_sim' with build type 'ament_cmake'
[0.336s] INFO:colcon.colcon_cmake.task.cmake.build:Building CMake package in '/home/varun/homerobot/Irona_914_IsaacSim_5x(1)/irona_914/ros2/irona_sim'
[0.338s] INFO:colcon.colcon_core.plugin_system:Skipping extension 'colcon_core.shell.bat': Not used on non-Windows systems
[0.338s] INFO:colcon.colcon_core.shell:Skip shell extension 'powershell' for command environment: Not usable outside of PowerShell
[0.338s] DEBUG:colcon.colcon_core.shell:Skip shell extension 'dsv' for command environment
[0.348s] DEBUG:colcon.colcon_core.event_handler.log_command:Invoking command in '/home/varun/homerobot/Irona_914_IsaacSim_5x(1)/irona_914/ros2/build/irona_sim': CMAKE_PREFIX_PATH=/opt/ros/humble /bin/cmake --build /home/varun/homerobot/Irona_914_IsaacSim_5x(1)/irona_914/ros2/build/irona_sim -- -j32 -l32
[0.409s] DEBUG:colcon.colcon_core.event_handler.log_command:Invoked command in '/home/varun/homerobot/Irona_914_IsaacSim_5x(1)/irona_914/ros2/build/irona_sim' returned '0': CMAKE_PREFIX_PATH=/opt/ros/humble /bin/cmake --build /home/varun/homerobot/Irona_914_IsaacSim_5x(1)/irona_914/ros2/build/irona_sim -- -j32 -l32
[0.422s] DEBUG:colcon.colcon_core.event_handler.log_command:Invoking command in '/home/varun/homerobot/Irona_914_IsaacSim_5x(1)/irona_914/ros2/build/irona_sim': CMAKE_PREFIX_PATH=/opt/ros/humble /bin/cmake --install /home/varun/homerobot/Irona_914_IsaacSim_5x(1)/irona_914/ros2/build/irona_sim
[0.462s] Level 1:colcon.colcon_core.environment:create_environment_scripts_only(irona_sim)
[0.462s] DEBUG:colcon.colcon_core.event_handler.log_command:Invoked command in '/home/varun/homerobot/Irona_914_IsaacSim_5x(1)/irona_914/ros2/build/irona_sim' returned '0': CMAKE_PREFIX_PATH=/opt/ros/humble /bin/cmake --install /home/varun/homerobot/Irona_914_IsaacSim_5x(1)/irona_914/ros2/build/irona_sim
[0.465s] Level 1:colcon.colcon_core.environment:checking '/home/varun/homerobot/Irona_914_IsaacSim_5x(1)/irona_914/ros2/install/irona_sim' for CMake module files
[0.466s] Level 1:colcon.colcon_core.environment:checking '/home/varun/homerobot/Irona_914_IsaacSim_5x(1)/irona_914/ros2/install/irona_sim' for CMake config files
[0.466s] Level 1:colcon.colcon_core.shell:create_environment_hook('irona_sim', 'cmake_prefix_path')
[0.467s] INFO:colcon.colcon_core.shell:Creating environment hook '/home/varun/homerobot/Irona_914_IsaacSim_5x(1)/irona_914/ros2/install/irona_sim/share/irona_sim/hook/cmake_prefix_path.ps1'
[0.467s] INFO:colcon.colcon_core.shell:Creating environment descriptor '/home/varun/homerobot/Irona_914_IsaacSim_5x(1)/irona_914/ros2/install/irona_sim/share/irona_sim/hook/cmake_prefix_path.dsv'
[0.468s] INFO:colcon.colcon_core.shell:Creating environment hook '/home/varun/homerobot/Irona_914_IsaacSim_5x(1)/irona_914/ros2/install/irona_sim/share/irona_sim/hook/cmake_prefix_path.sh'
[0.469s] Level 1:colcon.colcon_core.environment:checking '/home/varun/homerobot/Irona_914_IsaacSim_5x(1)/irona_914/ros2/install/irona_sim/lib'
[0.469s] Level 1:colcon.colcon_core.environment:checking '/home/varun/homerobot/Irona_914_IsaacSim_5x(1)/irona_914/ros2/install/irona_sim/bin'
[0.469s] Level 1:colcon.colcon_core.environment:checking '/home/varun/homerobot/Irona_914_IsaacSim_5x(1)/irona_914/ros2/install/irona_sim/lib/pkgconfig/irona_sim.pc'
[0.469s] Level 1:colcon.colcon_core.environment:checking '/home/varun/homerobot/Irona_914_IsaacSim_5x(1)/irona_914/ros2/install/irona_sim/lib/python3.10/site-packages'
[0.470s] Level 1:colcon.colcon_core.environment:checking '/home/varun/homerobot/Irona_914_IsaacSim_5x(1)/irona_914/ros2/install/irona_sim/bin'
[0.470s] INFO:colcon.colcon_core.shell:Creating package script '/home/varun/homerobot/Irona_914_IsaacSim_5x(1)/irona_914/ros2/install/irona_sim/share/irona_sim/package.ps1'
[0.471s] INFO:colcon.colcon_core.shell:Creating package descriptor '/home/varun/homerobot/Irona_914_IsaacSim_5x(1)/irona_914/ros2/install/irona_sim/share/irona_sim/package.dsv'
[0.472s] INFO:colcon.colcon_core.shell:Creating package script '/home/varun/homerobot/Irona_914_IsaacSim_5x(1)/irona_914/ros2/install/irona_sim/share/irona_sim/package.sh'
[0.473s] INFO:colcon.colcon_core.shell:Creating package script '/home/varun/homerobot/Irona_914_IsaacSim_5x(1)/irona_914/ros2/install/irona_sim/share/irona_sim/package.bash'
[0.473s] INFO:colcon.colcon_core.shell:Creating package script '/home/varun/homerobot/Irona_914_IsaacSim_5x(1)/irona_914/ros2/install/irona_sim/share/irona_sim/package.zsh'
[0.474s] Level 1:colcon.colcon_core.environment:create_file_with_runtime_dependencies(/home/varun/homerobot/Irona_914_IsaacSim_5x(1)/irona_914/ros2/install/irona_sim/share/colcon-core/packages/irona_sim)
[0.475s] Level 1:colcon.colcon_core.environment:create_environment_scripts_only(irona_sim)
[0.475s] Level 1:colcon.colcon_core.environment:checking '/home/varun/homerobot/Irona_914_IsaacSim_5x(1)/irona_914/ros2/install/irona_sim' for CMake module files
[0.475s] Level 1:colcon.colcon_core.environment:checking '/home/varun/homerobot/Irona_914_IsaacSim_5x(1)/irona_914/ros2/install/irona_sim' for CMake config files
[0.476s] Level 1:colcon.colcon_core.shell:create_environment_hook('irona_sim', 'cmake_prefix_path')
[0.476s] INFO:colcon.colcon_core.shell:Creating environment hook '/home/varun/homerobot/Irona_914_IsaacSim_5x(1)/irona_914/ros2/install/irona_sim/share/irona_sim/hook/cmake_prefix_path.ps1'
[0.477s] INFO:colcon.colcon_core.shell:Creating environment descriptor '/home/varun/homerobot/Irona_914_IsaacSim_5x(1)/irona_914/ros2/install/irona_sim/share/irona_sim/hook/cmake_prefix_path.dsv'
[0.477s] INFO:colcon.colcon_core.shell:Creating environment hook '/home/varun/homerobot/Irona_914_IsaacSim_5x(1)/irona_914/ros2/install/irona_sim/share/irona_sim/hook/cmake_prefix_path.sh'
[0.478s] Level 1:colcon.colcon_core.environment:checking '/home/varun/homerobot/Irona_914_IsaacSim_5x(1)/irona_914/ros2/install/irona_sim/lib'
[0.478s] Level 1:colcon.colcon_core.environment:checking '/home/varun/homerobot/Irona_914_IsaacSim_5x(1)/irona_914/ros2/install/irona_sim/bin'
[0.478s] Level 1:colcon.colcon_core.environment:checking '/home/varun/homerobot/Irona_914_IsaacSim_5x(1)/irona_914/ros2/install/irona_sim/lib/pkgconfig/irona_sim.pc'
[0.479s] Level 1:colcon.colcon_core.environment:checking '/home/varun/homerobot/Irona_914_IsaacSim_5x(1)/irona_914/ros2/install/irona_sim/lib/python3.10/site-packages'
[0.479s] Level 1:colcon.colcon_core.environment:checking '/home/varun/homerobot/Irona_914_IsaacSim_5x(1)/irona_914/ros2/install/irona_sim/bin'
[0.480s] INFO:colcon.colcon_core.shell:Creating package script '/home/varun/homerobot/Irona_914_IsaacSim_5x(1)/irona_914/ros2/install/irona_sim/share/irona_sim/package.ps1'
[0.481s] INFO:colcon.colcon_core.shell:Creating package descriptor '/home/varun/homerobot/Irona_914_IsaacSim_5x(1)/irona_914/ros2/install/irona_sim/share/irona_sim/package.dsv'
[0.481s] INFO:colcon.colcon_core.shell:Creating package script '/home/varun/homerobot/Irona_914_IsaacSim_5x(1)/irona_914/ros2/install/irona_sim/share/irona_sim/package.sh'
[0.482s] INFO:colcon.colcon_core.shell:Creating package script '/home/varun/homerobot/Irona_914_IsaacSim_5x(1)/irona_914/ros2/install/irona_sim/share/irona_sim/package.bash'
[0.482s] INFO:colcon.colcon_core.shell:Creating package script '/home/varun/homerobot/Irona_914_IsaacSim_5x(1)/irona_914/ros2/install/irona_sim/share/irona_sim/package.zsh'
[0.482s] Level 1:colcon.colcon_core.environment:create_file_with_runtime_dependencies(/home/varun/homerobot/Irona_914_IsaacSim_5x(1)/irona_914/ros2/install/irona_sim/share/colcon-core/packages/irona_sim)
[0.482s] DEBUG:colcon.colcon_parallel_executor.executor.parallel:closing loop
[0.483s] DEBUG:colcon.colcon_parallel_executor.executor.parallel:loop closed
[0.483s] DEBUG:colcon.colcon_parallel_executor.executor.parallel:run_until_complete finished with '0'
[0.483s] DEBUG:colcon.colcon_core.event_reactor:joining thread
[0.492s] INFO:colcon.colcon_core.plugin_system:Skipping extension 'colcon_notification.desktop_notification.terminal_notifier': Not used on non-Darwin systems
[0.492s] INFO:colcon.colcon_core.plugin_system:Skipping extension 'colcon_notification.desktop_notification.win32': Not used on non-Windows systems
[0.492s] INFO:colcon.colcon_notification.desktop_notification:Sending desktop notification using 'notify2'
[0.514s] DEBUG:colcon.colcon_core.event_reactor:joined thread
[0.515s] INFO:colcon.colcon_core.shell:Creating prefix script '/home/varun/homerobot/Irona_914_IsaacSim_5x(1)/irona_914/ros2/install/local_setup.ps1'
[0.516s] INFO:colcon.colcon_core.shell:Creating prefix util module '/home/varun/homerobot/Irona_914_IsaacSim_5x(1)/irona_914/ros2/install/_local_setup_util_ps1.py'
[0.517s] INFO:colcon.colcon_core.shell:Creating prefix chain script '/home/varun/homerobot/Irona_914_IsaacSim_5x(1)/irona_914/ros2/install/setup.ps1'
[0.518s] INFO:colcon.colcon_core.shell:Creating prefix script '/home/varun/homerobot/Irona_914_IsaacSim_5x(1)/irona_914/ros2/install/local_setup.sh'
[0.519s] INFO:colcon.colcon_core.shell:Creating prefix util module '/home/varun/homerobot/Irona_914_IsaacSim_5x(1)/irona_914/ros2/install/_local_setup_util_sh.py'
[0.520s] INFO:colcon.colcon_core.shell:Creating prefix chain script '/home/varun/homerobot/Irona_914_IsaacSim_5x(1)/irona_914/ros2/install/setup.sh'
[0.522s] INFO:colcon.colcon_core.shell:Creating prefix script '/home/varun/homerobot/Irona_914_IsaacSim_5x(1)/irona_914/ros2/install/local_setup.bash'
[0.523s] INFO:colcon.colcon_core.shell:Creating prefix chain script '/home/varun/homerobot/Irona_914_IsaacSim_5x(1)/irona_914/ros2/install/setup.bash'
[0.524s] INFO:colcon.colcon_core.shell:Creating prefix script '/home/varun/homerobot/Irona_914_IsaacSim_5x(1)/irona_914/ros2/install/local_setup.zsh'
[0.525s] INFO:colcon.colcon_core.shell:Creating prefix chain script '/home/varun/homerobot/Irona_914_IsaacSim_5x(1)/irona_914/ros2/install/setup.zsh'
